2026-07-13 09:00:01 INFO Payment service started successfully 2026-07-13
09:01:12 DEBUG Loading payment gateway configuration 2026-07-13 09:02:30
INFO User payment request received 2026-07-13 09:03:14 WARNING Payment
gateway response delayed 2026-07-13 09:04:22 ERROR ERR-PAY-401 Payment
authorization failed 2026-07-13 09:05:10 INFO Retrying payment
authorization 2026-07-13 09:06:45 ERROR ERR-PAY-503 Payment gateway
unavailable 2026-07-13 09:07:18 CRITICAL ERR-PAY-500 Multiple payment
transactions failed 2026-07-13 09:08:21 DEBUG Payment retry queue
inspected 2026-07-13 09:09:44 WARNING High payment retry count detected
2026-07-13 10:10:05 INFO Payment gateway connection restored 2026-07-13
10:11:37 INFO Pending payment processed successfully 2026-07-13 10:12:19
DEBUG Transaction cache refreshed 2026-07-13 10:13:28 ERROR ERR-PAY-409
Duplicate transaction detected 2026-07-13 10:14:42 WARNING Transaction
validation took longer than expected 2026-07-13 11:15:08 INFO Payment
reconciliation started 2026-07-13 11:16:33 DEBUG Reconciliation records
loaded 2026-07-13 11:17:51 ERROR ERR-PAY-422 Invalid transaction payload
2026-07-13 11:18:26 INFO Invalid transaction rejected safely 2026-07-13
12:20:14 CRITICAL ERR-PAY-900 Payment fraud threshold exceeded
2026-07-13 12:21:39 WARNING Suspicious transaction pattern detected
2026-07-13 12:22:55 INFO Security review event created 2026-07-13
13:25:10 INFO Payment service health check passed 2026-07-13 13:26:31
DEBUG Payment metrics collected 2026-07-13 14:30:00 INFO Payment
processing completed
