2026-07-13 06:00:00 INFO Database service started 2026-07-13 06:03:15
DEBUG Connection pool initialized 2026-07-13 06:05:42 INFO Database
connection established 2026-07-13 06:08:19 WARNING Query execution time
exceeded threshold 2026-07-13 06:10:51 ERROR DB-504 Database query
timeout 2026-07-13 07:12:07 WARNING Connection pool usage reached 80
percent 2026-07-13 07:14:33 ERROR DB-503 Unable to acquire database
connection 2026-07-13 07:16:48 CRITICAL DB-900 Connection pool exhausted
2026-07-13 08:18:02 DEBUG Slow query inspection started 2026-07-13
08:20:26 WARNING Full table scan detected 2026-07-13 08:22:49 ERROR
DB-500 Transaction rollback triggered 2026-07-13 09:25:10 INFO Database
connection recovered 2026-07-13 09:27:34 DEBUG Query cache refreshed
2026-07-13 10:30:55 WARNING High database CPU activity detected
2026-07-13 10:33:21 ERROR DB-409 Deadlock detected between transactions
2026-07-13 11:35:46 INFO Deadlocked transaction retried 2026-07-13
11:38:12 DEBUG Index statistics collected 2026-07-13 12:40:37 WARNING
Missing index may affect query performance 2026-07-13 12:43:04 ERROR
DB-507 Temporary storage limit reached 2026-07-13 13:45:29 CRITICAL
DB-901 Database response latency critically high 2026-07-13 14:47:53
INFO Performance recovery procedure started 2026-07-13 14:50:18 DEBUG
Connection pool resized 2026-07-13 15:52:42 INFO Query latency returned
to normal 2026-07-13 16:55:06 INFO Database health check passed
2026-07-13 17:00:00 INFO Database service operating normally
